[2026-08-23T03:50:37Z] [--hook] nothing stageable after excludes — skip
[2026-08-23T03:52:39Z] [--hook] nothing stageable after excludes — skip
[2026-08-23T06:28:17Z] [manual] committed on clearweb_health
To https://github.com/Siva-Sainath/ClearWeb-health.git
   57aa37b..30c8e82  clearweb_health -> clearweb_health
[2026-08-23T06:28:19Z] [manual] pushed to origin/clearweb_health
[2026-08-23T06:29:15Z] [--hook] nothing stageable after excludes — skip
[2026-08-23T06:44:47Z] [manual] committed on clearweb_health
To https://github.com/Siva-Sainath/ClearWeb-health.git
   30c8e82..348fc05  clearweb_health -> clearweb_health
[2026-08-23T06:44:49Z] [manual] pushed to origin/clearweb_health
[2026-08-23T06:45:02Z] [--hook] nothing stageable after excludes — skip
[2026-08-23T06:50:50Z] [--hook] committed on clearweb_health
To https://github.com/Siva-Sainath/ClearWeb-health.git
   348fc05..69f7075  clearweb_health -> clearweb_health
[2026-08-23T06:50:52Z] [--hook] pushed to origin/clearweb_health
[2026-08-23T07:04:01Z] [--hook] committed on clearweb_health
To https://github.com/Siva-Sainath/ClearWeb-health.git
   69f7075..4a7a469  clearweb_health -> clearweb_health
[2026-08-23T07:04:03Z] [--hook] pushed to origin/clearweb_health
[2026-08-23T07:11:52Z] [--hook] nothing stageable after excludes — skip
[2026-08-23T07:16:32Z] [--hook] committed on clearweb_health
To https://github.com/Siva-Sainath/ClearWeb-health.git
   0f6e625..6fd1bc8  clearweb_health -> clearweb_health
[2026-08-23T07:16:34Z] [--hook] pushed to origin/clearweb_health
[2026-08-23T07:24:30Z] [--hook] committed on clearweb_health
To https://github.com/Siva-Sainath/ClearWeb-health.git
   6fd1bc8..e7d8e4c  clearweb_health -> clearweb_health
[2026-08-23T07:24:31Z] [--hook] pushed to origin/clearweb_health
[2026-08-23T07:31:01Z] [--hook] committed on clearweb_health
To https://github.com/Siva-Sainath/ClearWeb-health.git
   e7d8e4c..a2fdb34  clearweb_health -> clearweb_health
[2026-08-23T07:31:03Z] [--hook] pushed to origin/clearweb_health
[2026-08-23T07:35:12Z] [--hook] committed on clearweb_health
To https://github.com/Siva-Sainath/ClearWeb-health.git
   a2fdb34..55409eb  clearweb_health -> clearweb_health
[2026-08-23T07:35:14Z] [--hook] pushed to origin/clearweb_health
[2026-08-23T07:41:01Z] [--hook] committed on clearweb_health
To https://github.com/Siva-Sainath/ClearWeb-health.git
   55409eb..a605de1  clearweb_health -> clearweb_health
[2026-08-23T07:41:02Z] [--hook] pushed to origin/clearweb_health
[2026-08-23T07:43:24Z] [--hook] committed on clearweb_health
To https://github.com/Siva-Sainath/ClearWeb-health.git
   a605de1..8ee57ce  clearweb_health -> clearweb_health
[2026-08-23T07:43:26Z] [--hook] pushed to origin/clearweb_health
[2026-08-23T07:49:50Z] [--hook] committed on clearweb_health
To https://github.com/Siva-Sainath/ClearWeb-health.git
   8ee57ce..20c3eca  clearweb_health -> clearweb_health
[2026-08-23T07:49:52Z] [--hook] pushed to origin/clearweb_health
[2026-08-23T07:50:44Z] [--hook] committed on clearweb_health
To https://github.com/Siva-Sainath/ClearWeb-health.git
   20c3eca..a62e3a5  clearweb_health -> clearweb_health
[2026-08-23T07:50:46Z] [--hook] pushed to origin/clearweb_health
[2026-08-23T07:51:43Z] [--hook] committed on clearweb_health
To https://github.com/Siva-Sainath/ClearWeb-health.git
   a62e3a5..bc37f55  clearweb_health -> clearweb_health
[2026-08-23T07:51:45Z] [--hook] pushed to origin/clearweb_health
[2026-08-23T07:57:34Z] [--hook] committed on clearweb_health
To https://github.com/Siva-Sainath/ClearWeb-health.git
   bc37f55..394fdc6  clearweb_health -> clearweb_health
[2026-08-23T07:57:36Z] [--hook] pushed to origin/clearweb_health
[2026-08-23T08:07:34Z] [--hook] committed on clearweb_health
To https://github.com/Siva-Sainath/ClearWeb-health.git
   394fdc6..609c18d  clearweb_health -> clearweb_health
[2026-08-23T08:07:36Z] [--hook] pushed to origin/clearweb_health
[2026-08-23T08:21:14Z] [--hook] committed on clearweb_health
To https://github.com/Siva-Sainath/ClearWeb-health.git
   609c18d..9248edc  clearweb_health -> clearweb_health
[2026-08-23T08:21:16Z] [--hook] pushed to origin/clearweb_health
[2026-08-23T08:25:13Z] [--hook] committed on clearweb_health
To https://github.com/Siva-Sainath/ClearWeb-health.git
   9248edc..b3e9653  clearweb_health -> clearweb_health
[2026-08-23T08:25:15Z] [--hook] pushed to origin/clearweb_health
[2026-08-23T08:52:24Z] [--hook] committed on clearweb_health
To https://github.com/Siva-Sainath/ClearWeb-health.git
   b3e9653..6e2bf21  clearweb_health -> clearweb_health
[2026-08-23T08:52:26Z] [--hook] pushed to origin/clearweb_health
[2026-08-23T08:59:26Z] [--hook] committed on clearweb_health
To https://github.com/Siva-Sainath/ClearWeb-health.git
   6e2bf21..d8cf135  clearweb_health -> clearweb_health
[2026-08-23T08:59:28Z] [--hook] pushed to origin/clearweb_health
[2026-08-23T09:19:08Z] [--hook] committed on clearweb_health
To https://github.com/Siva-Sainath/ClearWeb-health.git
   d8cf135..a528e42  clearweb_health -> clearweb_health
[2026-08-23T09:19:10Z] [--hook] pushed to origin/clearweb_health
[2026-08-23T11:55:13Z] [--hook] committed on clearweb_health
To https://github.com/Siva-Sainath/ClearWeb-health.git
   a528e42..a890fe4  clearweb_health -> clearweb_health
[2026-08-23T11:55:15Z] [--hook] pushed to origin/clearweb_health
[2026-08-23T12:02:22Z] [--hook] committed on clearweb_health
To https://github.com/Siva-Sainath/ClearWeb-health.git
   a890fe4..47af492  clearweb_health -> clearweb_health
[2026-08-23T12:02:24Z] [--hook] pushed to origin/clearweb_health
[2026-08-23T12:12:21Z] [--hook] committed on clearweb_health
To https://github.com/Siva-Sainath/ClearWeb-health.git
   47af492..486af7e  clearweb_health -> clearweb_health
[2026-08-23T12:12:23Z] [--hook] pushed to origin/clearweb_health
[2026-08-23T12:19:37Z] [--hook] committed on clearweb_health
To https://github.com/Siva-Sainath/ClearWeb-health.git
   486af7e..0e3e5d4  clearweb_health -> clearweb_health
[2026-08-23T12:19:39Z] [--hook] pushed to origin/clearweb_health
[2026-08-23T12:21:59Z] [--hook] committed on clearweb_health
To https://github.com/Siva-Sainath/ClearWeb-health.git
   0e3e5d4..b25eaa4  clearweb_health -> clearweb_health
[2026-08-23T12:22:01Z] [--hook] pushed to origin/clearweb_health
[2026-08-23T12:24:04Z] [--hook] committed on clearweb_health
To https://github.com/Siva-Sainath/ClearWeb-health.git
   b25eaa4..6272c39  clearweb_health -> clearweb_health
[2026-08-23T12:24:06Z] [--hook] pushed to origin/clearweb_health
[2026-08-23T12:27:18Z] [--hook] committed on clearweb_health
To https://github.com/Siva-Sainath/ClearWeb-health.git
   6272c39..a5235ad  clearweb_health -> clearweb_health
[2026-08-23T12:27:20Z] [--hook] pushed to origin/clearweb_health
[2026-08-23T12:48:49Z] [--hook] committed on clearweb_health
To https://github.com/Siva-Sainath/ClearWeb-health.git
   a5235ad..2778f9e  clearweb_health -> clearweb_health
[2026-08-23T12:48:51Z] [--hook] pushed to origin/clearweb_health
[2026-08-23T12:58:53Z] [--hook] committed on clearweb_health
To https://github.com/Siva-Sainath/ClearWeb-health.git
   2778f9e..94a1078  clearweb_health -> clearweb_health
[2026-08-23T12:58:55Z] [--hook] pushed to origin/clearweb_health
[2026-08-23T13:19:38Z] [--hook] committed on clearweb_health
To https://github.com/Siva-Sainath/ClearWeb-health.git
   94a1078..2d096f0  clearweb_health -> clearweb_health
[2026-08-23T13:19:40Z] [--hook] pushed to origin/clearweb_health
[2026-08-23T13:25:41Z] [--hook] committed on clearweb_health
To https://github.com/Siva-Sainath/ClearWeb-health.git
   2d096f0..c1053e5  clearweb_health -> clearweb_health
[2026-08-23T13:25:43Z] [--hook] pushed to origin/clearweb_health
[2026-08-23T13:27:27Z] [--hook] committed on clearweb_health
To https://github.com/Siva-Sainath/ClearWeb-health.git
   c1053e5..006a6a7  clearweb_health -> clearweb_health
[2026-08-23T13:27:29Z] [--hook] pushed to origin/clearweb_health
[2026-08-23T13:30:58Z] [--hook] committed on clearweb_health
To https://github.com/Siva-Sainath/ClearWeb-health.git
   006a6a7..c029187  clearweb_health -> clearweb_health
[2026-08-23T13:30:59Z] [--hook] pushed to origin/clearweb_health
[2026-08-23T13:32:18Z] [--hook] committed on clearweb_health
To https://github.com/Siva-Sainath/ClearWeb-health.git
   c029187..e6f9263  clearweb_health -> clearweb_health
[2026-08-23T13:32:20Z] [--hook] pushed to origin/clearweb_health
[2026-08-23T13:37:48Z] [--hook] committed on clearweb_health
To https://github.com/Siva-Sainath/ClearWeb-health.git
   e6f9263..b6deb82  clearweb_health -> clearweb_health
[2026-08-23T13:37:50Z] [--hook] pushed to origin/clearweb_health
[2026-08-23T13:43:43Z] [--hook] committed on clearweb_health
To https://github.com/Siva-Sainath/ClearWeb-health.git
   b6deb82..e570be9  clearweb_health -> clearweb_health
[2026-08-23T13:43:45Z] [--hook] pushed to origin/clearweb_health
[2026-08-23T13:48:27Z] [--hook] committed on clearweb_health
To https://github.com/Siva-Sainath/ClearWeb-health.git
   e570be9..381d78a  clearweb_health -> clearweb_health
[2026-08-23T13:48:29Z] [--hook] pushed to origin/clearweb_health
[2026-08-23T13:59:01Z] [--hook] committed on clearweb_health
To https://github.com/Siva-Sainath/ClearWeb-health.git
   381d78a..b23a52a  clearweb_health -> clearweb_health
[2026-08-23T13:59:03Z] [--hook] pushed to origin/clearweb_health
[2026-08-23T14:06:23Z] [--hook] committed on clearweb_health
To https://github.com/Siva-Sainath/ClearWeb-health.git
   b23a52a..749a203  clearweb_health -> clearweb_health
[2026-08-23T14:06:25Z] [--hook] pushed to origin/clearweb_health
[2026-08-23T14:09:13Z] [--hook] committed on clearweb_health
To https://github.com/Siva-Sainath/ClearWeb-health.git
   749a203..6ebd4bf  clearweb_health -> clearweb_health
[2026-08-23T14:09:15Z] [--hook] pushed to origin/clearweb_health
[2026-08-23T14:31:46Z] [--hook] committed on clearweb_health
To https://github.com/Siva-Sainath/ClearWeb-health.git
   6ebd4bf..d68398a  clearweb_health -> clearweb_health
[2026-08-23T14:31:48Z] [--hook] pushed to origin/clearweb_health
